// Jest Snapshot v1, https://goo.gl/fbAQLP

exports[`First test should match snapshot 1`] = `
<Button>
  Test
</Button>
`;
